<?xml version="1.0" encoding="UTF-8"?>
<project xsi:schemaLocation="http://maven.apache.org/POM/4.0.0 https://maven.apache.org/xsd/maven-4.0.0.xsd" xmlns="http://maven.apache.org/POM/4.0.0"
    xmlns:xsi="http://www.w3.org/2001/XMLSchema-instance">
  <modelVersion>4.0.0</modelVersion>
  <parent>
    <groupId>org.jboss</groupId>
    <artifactId>jboss-parent</artifactId>
    <version>43</version>
  </parent>
  <groupId>org.acme</groupId>
  <artifactId>full-pom</artifactId>
  <version>0.0.1</version>
  <packaging>pom</packaging>
  <name>Full Test POM.xml</name>
  <description>Full pom.xml for testing purpose</description>
  <url>https://acme.org/full-pom</url>
  <inceptionYear>2024</inceptionYear>
  <organization>
    <name>ACME</name>
    <url>https://acme.org</url>
  </organization>
  <licenses>
    <license>
      <name>string</name>
      <url>string</url>
      <distribution>string</distribution>
      <comments>string</comments>
    </license>
  </licenses>
  <developers>
    <developer>
      <id>string</id>
      <name>string</name>
      <email>string</email>
      <url>string</url>
      <organization>string</organization>
      <organizationUrl>string</organizationUrl>
      <roles>
        <role>string</role>
      </roles>
      <timezone>string</timezone>
      <properties>
        <country>FRANCE</country>
      </properties>
    </developer>
  </developers>
  <contributors>
    <contributor>
      <name>string</name>
      <email>string</email>
      <url>string</url>
      <organization>string</organization>
      <organizationUrl>string</organizationUrl>
      <roles>
        <role>string</role>
      </roles>
      <timezone>string</timezone>
      <properties>
        <favorite.color>BLUE</favorite.color>
      </properties>
    </contributor>
  </contributors>
  <mailingLists>
    <mailingList>
      <name>string</name>
      <subscribe>string</subscribe>
      <unsubscribe>string</unsubscribe>
      <post>string</post>
      <archive>string</archive>
      <otherArchives>
        <otherArchive>string</otherArchive>
      </otherArchives>
    </mailingList>
  </mailingLists>
  <prerequisites>
    <maven>string</maven>
  </prerequisites>
  <modules>
    <module>string</module>
  </modules>
  <scm>
    <connection>scm:git:git://github.com/fabric8-launcher/maven-model-helper.git</connection>
    <developerConnection>scm:git:git@github.com:fabric8-launcher/maven-model-helper.git</developerConnection>
    <url>https://github.com/fabric8-launcher/maven-model-helper</url>
  </scm>
  <issueManagement>
    <system>string</system>
    <url>string</url>
  </issueManagement>
  <ciManagement>
    <system>string</system>
    <url>string</url>
    <notifiers>
      <notifier>
        <type>string</type>
        <sendOnSuccess>false</sendOnSuccess>
        <address>string</address>
        <configuration>
          <token>1324567890</token>
        </configuration>
      </notifier>
    </notifiers>
  </ciManagement>
  <distributionManagement>
    <repository>
      <releases>
        <enabled>true</enabled>
        <updatePolicy>string</updatePolicy>
        <checksumPolicy>string</checksumPolicy>
      </releases>
      <snapshots>
        <enabled>false</enabled>
        <updatePolicy>string</updatePolicy>
        <checksumPolicy>string</checksumPolicy>
      </snapshots>
      <id>string</id>
      <name>string</name>
      <url>string</url>
      <layout>string</layout>
    </repository>
    <snapshotRepository>
      <releases>
        <enabled>false</enabled>
        <updatePolicy>string</updatePolicy>
        <checksumPolicy>string</checksumPolicy>
      </releases>
      <snapshots>
        <enabled>true</enabled>
        <updatePolicy>string</updatePolicy>
        <checksumPolicy>string</checksumPolicy>
      </snapshots>
      <id>string</id>
      <name>string</name>
      <url>string</url>
      <layout>string</layout>
    </snapshotRepository>
    <site>
      <id>string</id>
      <name>string</name>
      <url>string</url>
    </site>
    <downloadUrl>string</downloadUrl>
    <relocation>
      <groupId>string</groupId>
      <artifactId>string</artifactId>
      <version>string</version>
      <message>string</message>
    </relocation>
    <status>string</status>
  </distributionManagement>
  <properties>
    <maven.compiler.parameters>true</maven.compiler.parameters>
    <maven.javadoc.failOnError>false</maven.javadoc.failOnError>
  </properties>
  <dependencyManagement>
    <dependencies>
      <dependency>
        <groupId>string</groupId>
        <artifactId>string</artifactId>
        <version>string</version>
        <type>string</type>
        <classifier>string</classifier>
        <scope>string</scope>
        <systemPath>string</systemPath>
        <exclusions>
          <exclusion>
            <groupId>string</groupId>
            <artifactId>string</artifactId>
          </exclusion>
        </exclusions>
        <optional>true</optional>
      </dependency>
    </dependencies>
  </dependencyManagement>
  <dependencies>
    <dependency>
      <groupId>string</groupId>
      <artifactId>string</artifactId>
      <version>string</version>
      <type>string</type>
      <classifier>string</classifier>
      <scope>string</scope>
      <systemPath>string</systemPath>
      <exclusions>
        <exclusion>
          <groupId>string</groupId>
          <artifactId>string</artifactId>
        </exclusion>
      </exclusions>
      <optional>false</optional>
    </dependency>
  </dependencies>
  <repositories>
    <repository>
      <releases>
        <enabled>true</enabled>
        <updatePolicy>string</updatePolicy>
        <checksumPolicy>string</checksumPolicy>
      </releases>
      <snapshots>
        <enabled>false</enabled>
        <updatePolicy>string</updatePolicy>
        <checksumPolicy>string</checksumPolicy>
      </snapshots>
      <id>string</id>
      <name>string</name>
      <url>string</url>
      <layout>string</layout>
    </repository>
  </repositories>
  <pluginRepositories>
    <pluginRepository>
      <releases>
        <enabled>false</enabled>
        <updatePolicy>string</updatePolicy>
        <checksumPolicy>string</checksumPolicy>
      </releases>
      <snapshots>
        <enabled>true</enabled>
        <updatePolicy>string</updatePolicy>
        <checksumPolicy>string</checksumPolicy>
      </snapshots>
      <id>string</id>
      <name>string</name>
      <url>string</url>
      <layout>string</layout>
    </pluginRepository>
  </pluginRepositories>
  <build>
    <sourceDirectory>string</sourceDirectory>
    <scriptSourceDirectory>string</scriptSourceDirectory>
    <testSourceDirectory>string</testSourceDirectory>
    <outputDirectory>string</outputDirectory>
    <testOutputDirectory>string</testOutputDirectory>
    <extensions>
      <extension>
        <groupId>string</groupId>
        <artifactId>string</artifactId>
        <version>string</version>
      </extension>
    </extensions>
    <defaultGoal>string</defaultGoal>
    <resources>
      <resource>
        <targetPath>string</targetPath>
        <filtering>true</filtering>
        <directory>string</directory>
        <includes>
          <include>string</include>
        </includes>
        <excludes>
          <exclude>string</exclude>
        </excludes>
      </resource>
    </resources>
    <testResources>
      <testResource>
        <targetPath>string</targetPath>
        <filtering>false</filtering>
        <directory>string</directory>
        <includes>
          <include>string</include>
        </includes>
        <excludes>
          <exclude>string</exclude>
        </excludes>
      </testResource>
    </testResources>
    <directory>string</directory>
    <finalName>string</finalName>
    <filters>
      <filter>string</filter>
    </filters>
    <pluginManagement>
      <plugins>
        <plugin>
          <artifactId>maven-compiler-plugin</artifactId>
          <version>${compiler-plugin.version}</version>
          <extensions>false</extensions>
          <executions>
            <execution>
              <id>string</id>
              <phase>string</phase>
              <goals>
                <goal>string</goal>
              </goals>
              <inherited>string</inherited>
              <configuration>
                <skip>false</skip>
              </configuration>
            </execution>
          </executions>
          <dependencies>
            <dependency>
              <groupId>string</groupId>
              <artifactId>string</artifactId>
              <version>string</version>
              <type>string</type>
              <classifier>string</classifier>
              <scope>string</scope>
              <systemPath>string</systemPath>
              <exclusions>
                <exclusion>
                  <groupId>string</groupId>
                  <artifactId>string</artifactId>
                </exclusion>
              </exclusions>
              <optional>true</optional>
            </dependency>
          </dependencies>
          <goals>
            <goal>integration-test</goal>
          </goals>
          <inherited>true</inherited>
          <configuration>
            <source>${java.version}</source>
            <target>${java.version}</target>
            <parameters>true</parameters>
          </configuration>
        </plugin>
      </plugins>
    </pluginManagement>
    <plugins>
      <plugin>
        <groupId>org.jacoco</groupId>
        <artifactId>jacoco-maven-plugin</artifactId>
        <version>${jacoco.version}</version>
        <extensions>true</extensions>
        <executions>
          <execution>
            <id>check</id>
            <phase>verify</phase>
            <goals>
              <goal>check</goal>
            </goals>
            <inherited>true</inherited>
            <configuration>
              <dataFile>target/jacoco/allTest.exec</dataFile>
            </configuration>
          </execution>
        </executions>
        <dependencies>
          <dependency>
            <groupId>string</groupId>
            <artifactId>string</artifactId>
            <version>string</version>
            <type>string</type>
            <classifier>string</classifier>
            <scope>string</scope>
            <systemPath>string</systemPath>
            <exclusions>
              <exclusion>
                <groupId>string</groupId>
                <artifactId>string</artifactId>
              </exclusion>
            </exclusions>
          </dependency>
        </dependencies>
        <goals>
          <goal>check</goal>
        </goals>
        <inherited>false</inherited>
        <configuration>
          <rules>
            <rule>
              <element>CLASS</element>
            </rule>
          </rules>
        </configuration>
      </plugin>
    </plugins>
  </build>
  <reports>
    <report>index</report>
  </reports>
  <reporting>
    <excludeDefaults>true</excludeDefaults>
    <outputDirectory>string</outputDirectory>
    <plugins>
      <plugin>
        <groupId>string</groupId>
        <artifactId>string</artifactId>
        <version>string</version>
        <reportSets>
          <reportSet>
            <id>report1</id>
            <reports>
              <report>foo</report>
            </reports>
            <inherited>false</inherited>
            <configuration>
              <foo>bar</foo>
            </configuration>
          </reportSet>
        </reportSets>
        <inherited>string</inherited>
        <configuration>
          <bar>foo</bar>
        </configuration>
      </plugin>
    </plugins>
  </reporting>
  <profiles>
    <profile>
      <id>string</id>
      <activation>
        <activeByDefault>true</activeByDefault>
        <jdk>string</jdk>
        <os>
          <name>string</name>
          <family>string</family>
          <arch>string</arch>
          <version>string</version>
        </os>
        <property>
          <name>string</name>
          <value>string</value>
        </property>
        <file>
          <missing>string</missing>
          <exists>string</exists>
        </file>
      </activation>
      <build>
        <defaultGoal>string</defaultGoal>
        <resources>
          <resource>
            <targetPath>string</targetPath>
            <filtering>false</filtering>
            <directory>string</directory>
            <includes>
              <include>string</include>
            </includes>
            <excludes>
              <exclude>string</exclude>
            </excludes>
          </resource>
        </resources>
        <testResources>
          <testResource>
            <targetPath>string</targetPath>
            <filtering>true</filtering>
            <directory>string</directory>
            <includes>
              <include>string</include>
            </includes>
            <excludes>
              <exclude>string</exclude>
            </excludes>
          </testResource>
        </testResources>
        <directory>string</directory>
        <finalName>string</finalName>
        <filters>
          <filter>string</filter>
        </filters>
        <pluginManagement>
          <plugins>
            <plugin>
              <groupId>string</groupId>
              <artifactId>string</artifactId>
              <version>string</version>
              <extensions>true</extensions>
              <executions>
                <execution>
                  <id>string</id>
                  <phase>string</phase>
                  <goals>
                    <goal>string</goal>
                  </goals>
                  <inherited>string</inherited>
                  <configuration>
                    <foo>bar</foo>
                  </configuration>
                </execution>
              </executions>
              <dependencies>
                <dependency>
                  <groupId>string</groupId>
                  <artifactId>string</artifactId>
                  <version>string</version>
                  <type>string</type>
                  <classifier>string</classifier>
                  <scope>string</scope>
                  <systemPath>string</systemPath>
                  <exclusions>
                    <exclusion>
                      <groupId>string</groupId>
                      <artifactId>string</artifactId>
                    </exclusion>
                  </exclusions>
                  <optional>true</optional>
                </dependency>
              </dependencies>
              <goals>
                <foo>bar</foo>
              </goals>
              <inherited>string</inherited>
              <configuration>
                <foo>bar</foo>
              </configuration>
            </plugin>
          </plugins>
        </pluginManagement>
        <plugins>
          <plugin>
            <groupId>string</groupId>
            <artifactId>string</artifactId>
            <version>string</version>
            <extensions>false</extensions>
            <executions>
              <execution>
                <id>string</id>
                <phase>string</phase>
                <goals>
                  <goal>string</goal>
                </goals>
                <inherited>string</inherited>
                <configuration>
                  <foo>bar</foo>
                </configuration>
              </execution>
            </executions>
            <dependencies>
              <dependency>
                <groupId>string</groupId>
                <artifactId>string</artifactId>
                <version>string</version>
                <type>string</type>
                <classifier>string</classifier>
                <scope>string</scope>
                <systemPath>string</systemPath>
                <exclusions>
                  <exclusion>
                    <groupId>string</groupId>
                    <artifactId>string</artifactId>
                  </exclusion>
                </exclusions>
                <optional>false</optional>
              </dependency>
            </dependencies>
            <goals>
              <foo>bar</foo>
            </goals>
            <inherited>string</inherited>
            <configuration>
              <foo>bar</foo>
            </configuration>
          </plugin>
        </plugins>
      </build>
      <modules>
        <module>string</module>
      </modules>
      <distributionManagement>
        <repository>
          <releases>
            <enabled>true</enabled>
            <updatePolicy>string</updatePolicy>
            <checksumPolicy>string</checksumPolicy>
          </releases>
          <snapshots>
            <enabled>false</enabled>
            <updatePolicy>string</updatePolicy>
            <checksumPolicy>string</checksumPolicy>
          </snapshots>
          <id>string</id>
          <name>string</name>
          <url>string</url>
          <layout>string</layout>
        </repository>
        <snapshotRepository>
          <releases>
            <enabled>false</enabled>
            <updatePolicy>string</updatePolicy>
            <checksumPolicy>string</checksumPolicy>
          </releases>
          <snapshots>
            <enabled>true</enabled>
            <updatePolicy>string</updatePolicy>
            <checksumPolicy>string</checksumPolicy>
          </snapshots>
          <id>string</id>
          <name>string</name>
          <url>string</url>
          <layout>string</layout>
        </snapshotRepository>
        <site>
          <id>string</id>
          <name>string</name>
          <url>string</url>
        </site>
        <downloadUrl>string</downloadUrl>
        <relocation>
          <groupId>string</groupId>
          <artifactId>string</artifactId>
          <version>string</version>
          <message>string</message>
        </relocation>
        <status>string</status>
      </distributionManagement>
      <properties>
        <prefer.https>true</prefer.https>
      </properties>
      <dependencyManagement>
        <dependencies>
          <dependency>
            <groupId>string</groupId>
            <artifactId>string</artifactId>
            <version>string</version>
            <type>string</type>
            <classifier>string</classifier>
            <scope>string</scope>
            <systemPath>string</systemPath>
            <exclusions>
              <exclusion>
                <groupId>string</groupId>
                <artifactId>string</artifactId>
              </exclusion>
            </exclusions>
            <optional>true</optional>
          </dependency>
        </dependencies>
      </dependencyManagement>
      <dependencies>
        <dependency>
          <groupId>string</groupId>
          <artifactId>string</artifactId>
          <version>string</version>
          <type>string</type>
          <classifier>string</classifier>
          <scope>string</scope>
          <systemPath>string</systemPath>
          <exclusions>
            <exclusion>
              <groupId>string</groupId>
              <artifactId>string</artifactId>
            </exclusion>
          </exclusions>
          <optional>true</optional>
        </dependency>
      </dependencies>
      <repositories>
        <repository>
          <releases>
            <enabled>true</enabled>
            <updatePolicy>string</updatePolicy>
            <checksumPolicy>string</checksumPolicy>
          </releases>
          <snapshots>
            <enabled>false</enabled>
            <updatePolicy>string</updatePolicy>
            <checksumPolicy>string</checksumPolicy>
          </snapshots>
          <id>string</id>
          <name>string</name>
          <url>string</url>
          <layout>string</layout>
        </repository>
      </repositories>
      <pluginRepositories>
        <pluginRepository>
          <releases>
            <enabled>false</enabled>
            <updatePolicy>string</updatePolicy>
            <checksumPolicy>string</checksumPolicy>
          </releases>
          <snapshots>
            <enabled>true</enabled>
            <updatePolicy>string</updatePolicy>
            <checksumPolicy>string</checksumPolicy>
          </snapshots>
          <id>string</id>
          <name>string</name>
          <url>string</url>
          <layout>string</layout>
        </pluginRepository>
      </pluginRepositories>
      <reports>
        <foo>bar</foo>
      </reports>
      <reporting>
        <excludeDefaults>false</excludeDefaults>
        <outputDirectory>string</outputDirectory>
        <plugins>
          <plugin>
            <groupId>string</groupId>
            <artifactId>string</artifactId>
            <version>string</version>
            <reportSets>
              <reportSet>
                <id>string</id>
                <reports>
                  <report>string</report>
                </reports>
                <inherited>string</inherited>
                <configuration>
                  <foo>bar</foo>
                </configuration>
              </reportSet>
            </reportSets>
            <inherited>string</inherited>
            <configuration>
              <foo>bar</foo>
            </configuration>
          </plugin>
        </plugins>
      </reporting>
    </profile>
  </profiles>
</project>
