<?xml version="1.0" encoding="UTF-8"?>
<project xmlns="http://maven.apache.org/POM/4.0.0" xmlns:xsi="http://www.w3.org/2001/XMLSchema-instance" xsi:schemaLocation="http://maven.apache.org/POM/4.0.0 http://maven.apache.org/xsd/maven-4.0.0.xsd">
    <modelVersion>4.0.0</modelVersion>
    <groupId>io.fabric8</groupId>
    <artifactId>foo</artifactId>
    <version>1</version>
    <properties>
        <project.build.sourceEncoding>UTF-8</project.build.sourceEncoding>
        <project.reporting.outputEncoding>UTF-8</project.reporting.outputEncoding>
        <maven.compiler.source>{java.version}</maven.compiler.source>
        <maven.compiler.target>{java.version}</maven.compiler.target>
        <maven.compiler.parameters>true</maven.compiler.parameters>
        <!-- Platform: Begin -->
        <quarkus.platform.group-id>{quarkus.platform.group-id}</quarkus.platform.group-id>
        <quarkus.platform.artifact-id>{quarkus.platform.artifact-id}</quarkus.platform.artifact-id>
        <quarkus.platform.version>{quarkus.platform.version}</quarkus.platform.version>
        <!-- Platform: End -->
        <quarkus-plugin.version>{quarkus.maven-plugin.version}</quarkus-plugin.version>
        <compiler-plugin.version>{maven-compiler-plugin.version}</compiler-plugin.version>
        <surefire-plugin.version>{maven-surefire-plugin.version}</surefire-plugin.version>
        <foo>bar</foo>
        <fruit>pineapple</fruit>
    </properties>
</project>
